
Running 1 test using 1 worker

Logging in...
DEBUG: Dashboard title IS attached
  Γ£ÿ  1 [chromium] ΓÇ║ tests\e2e.spec.ts:68:5 ΓÇ║ MedFlow AI E2E ΓÇ║ should register a new patient and navigate to details (11.1s)


  1) [chromium] ΓÇ║ tests\e2e.spec.ts:68:5 ΓÇ║ MedFlow AI E2E ΓÇ║ should register a new patient and navigate to details 

    Error: [2mexpect([22m[31mlocator[39m[2m).[22mtoBeVisible[2m([22m[2m)[22m failed

    Locator: getByRole('tab', { name: 'Clinical File' })
    Expected: visible
    Timeout: 5000ms
    Error: element(s) not found

    Call log:
    [2m  - Expect "toBeVisible" with timeout 5000ms[22m
    [2m  - waiting for getByRole('tab', { name: 'Clinical File' })[22m


      130 |
      131 |         // Verify Patient Detail Page loaded (using a visual anchor instead of URL)
    > 132 |         await expect(page.getByRole('tab', { name: 'Clinical File' })).toBeVisible();
          |                                                                        ^
      133 |
      134 |         // Check Tabs
      135 |         await expect(page.getByRole('tab', { name: 'Clinical File' })).toBeVisible();
        at C:\Users\harik\OneDrive\Desktop\New folder\MedFlowAG2-main\MedFlowAG2-main\tests\e2e.spec.ts:132:72

    attachment #1: screenshot (image/png) ΓöÇΓöÇΓöÇΓöÇΓöÇΓöÇΓöÇΓöÇΓöÇΓöÇΓöÇΓöÇΓöÇΓöÇΓöÇΓöÇΓöÇΓöÇΓöÇΓöÇΓöÇΓöÇΓöÇΓöÇΓöÇΓöÇΓöÇΓöÇΓöÇΓöÇΓöÇΓöÇΓöÇΓöÇΓöÇΓöÇΓöÇΓöÇΓöÇΓöÇΓöÇΓöÇΓöÇΓöÇΓöÇΓöÇΓöÇΓöÇΓöÇΓöÇΓöÇΓöÇΓöÇΓöÇΓöÇΓöÇΓöÇΓöÇ
    test-results\e2e-MedFlow-AI-E2E-should--65d2e-ent-and-navigate-to-details-chromium\test-failed-1.png
    ΓöÇΓöÇΓöÇΓöÇΓöÇΓöÇΓöÇΓöÇΓöÇΓöÇΓöÇΓöÇΓöÇΓöÇΓöÇΓöÇΓöÇΓöÇΓöÇΓöÇΓöÇΓöÇΓöÇΓöÇΓöÇΓöÇΓöÇΓöÇΓöÇΓöÇΓöÇΓöÇΓöÇΓöÇΓöÇΓöÇΓöÇΓöÇΓöÇΓöÇΓöÇΓöÇΓöÇΓöÇΓöÇΓöÇΓöÇΓöÇΓöÇΓöÇΓöÇΓöÇΓöÇΓöÇΓöÇΓöÇΓöÇΓöÇΓöÇΓöÇΓöÇΓöÇΓöÇΓöÇΓöÇΓöÇΓöÇΓöÇΓöÇΓöÇΓöÇΓöÇΓöÇΓöÇΓöÇΓöÇΓöÇΓöÇΓöÇΓöÇΓöÇΓöÇΓöÇΓöÇΓöÇΓöÇΓöÇΓöÇΓöÇΓöÇΓöÇΓöÇΓöÇΓöÇΓöÇΓöÇ

    Error Context: test-results\e2e-MedFlow-AI-E2E-should--65d2e-ent-and-navigate-to-details-chromium\error-context.md

  1 failed
    [chromium] ΓÇ║ tests\e2e.spec.ts:68:5 ΓÇ║ MedFlow AI E2E ΓÇ║ should register a new patient and navigate to details 
